// Jest Snapshot v1, https://goo.gl/fbAQLP

exports[`Cohort Details Component should always render same html 1`] = `
<div>
  <h3>
    INTADMDF10
     -
    <span>
      .NET FSD
    </span>
  </h3>
  <dl>
    <dt>
      Started On
    </dt>
    <dd>
      22-Feb-2022
    </dd>
    <dt>
      Current Status
    </dt>
    <dd>
      Scheduled
    </dd>
    <dt>
      Coach
    </dt>
    <dd>
      Aathma
    </dd>
    <dt>
      Trainer
    </dt>
    <dd>
      Jojo Jose
    </dd>
  </dl>
</div>
`;
